<?xml version="1.0" encoding="UTF-8"?>
<TestRun id="22b6fbcf-fa6b-4115-8ac6-108d622f3332" name="chadillac@CHADILLAC-PC 2012-02-23 15:09:06" runUser="chadillac-PC\chadillac" xmlns="http://microsoft.com/schemas/VisualStudio/TeamTest/2010">
  <TestSettings name="Local" id="699621a8-4321-403e-843d-a1c2dba0af3c">
    <Description>These are default test settings for a local test run.</Description>
    <Deployment enabled="false" runDeploymentRoot="chadillac_CHADILLAC-PC 2012-02-23 15_09_06">
      <DeploymentItem filename="C:\dev\pivotal-csharp-wrapper\PivotalTrackerAPIClient\bin\Debug\PivotalTrackerAPIClient.dll" />
    </Deployment>
    <Execution>
      <TestTypeSpecific />
      <AgentRule name="Execution Agents">
      </AgentRule>
    </Execution>
  </TestSettings>
  <Times creation="2012-02-23T15:09:06.0634765-06:00" queuing="2012-02-23T15:09:07.2177734-06:00" start="2012-02-23T15:09:07.3476562-06:00" finish="2012-02-23T15:09:42.9765625-06:00" />
  <ResultSummary outcome="Error">
    <Counters total="1" executed="1" error="0" failed="0" timeout="0" aborted="1" inconclusive="0" passedButRunAborted="0" notRunnable="0" notExecuted="0" disconnected="0" warning="0" passed="0" completed="0" inProgress="0" pending="0" />
    <RunInfos>
      <RunInfo computerName="CHADILLAC-PC" outcome="Error" timestamp="2012-02-23T15:09:42.9755859-06:00">
        <Text>Test host process exited unexpectedly.</Text>
      </RunInfo>
    </RunInfos>
  </ResultSummary>
  <TestDefinitions>
    <UnitTest name="integration_model_token_invalid_creds" storage="c:\dev\pivotal-csharp-wrapper\pivotaltrackerapiclient.tests\bin\debug\pivotaltrackerapiclient.tests.dll" id="1c4bca7b-e864-97bb-0f38-77c28cb27023">
      <Execution id="f5994e11-57d7-41ae-8ed8-85146b0f041f" />
      <TestMethod codeBase="C:/dev/pivotal-csharp-wrapper/PivotalTrackerAPIClient.Tests/bin/Debug/PivotalTrackerAPIClient.Tests.DLL" adapterTypeName="Microsoft.VisualStudio.TestTools.TestTypes.Unit.UnitTestAdapter, Microsoft.VisualStudio.QualityTools.Tips.UnitTest.Adapter, Version=10.0.0.0, Culture=neutral, PublicKeyToken=b03f5f7f11d50a3a" className="PivotalTrackerAPIClient.Tests.Integration.Model.Token, PivotalTrackerAPIClient.Tests, Version=1.0.0.0, Culture=neutral, PublicKeyToken=null" name="integration_model_token_invalid_creds" />
    </UnitTest>
  </TestDefinitions>
  <TestLists>
    <TestList name="Results Not in a List" id="8c84fa94-04c1-424b-9868-57a2d4851a1d" />
    <TestList name="All Loaded Results" id="19431567-8539-422a-85d7-44ee4e166bda" />
  </TestLists>
  <TestEntries>
    <TestEntry testId="1c4bca7b-e864-97bb-0f38-77c28cb27023" executionId="f5994e11-57d7-41ae-8ed8-85146b0f041f" testListId="8c84fa94-04c1-424b-9868-57a2d4851a1d" />
  </TestEntries>
  <Results>
    <UnitTestResult executionId="f5994e11-57d7-41ae-8ed8-85146b0f041f" testId="1c4bca7b-e864-97bb-0f38-77c28cb27023" testName="integration_model_token_invalid_creds" computerName="CHADILLAC-PC" duration="00:00:35.5048829" startTime="2012-02-23T15:09:07.4716796-06:00" endTime="2012-02-23T15:09:42.9765625-06:00" testType="13cdc9d9-ddb5-4fa4-a97d-d965ccfc6d4b" outcome="Aborted" testListId="8c84fa94-04c1-424b-9868-57a2d4851a1d" relativeResultsDirectory="f5994e11-57d7-41ae-8ed8-85146b0f041f">
    </UnitTestResult>
  </Results>
</TestRun>